[backblue.gif]
[fade.gif]
[index.html]
[www.geocities.com/fallowbudgies/back001.jpg]
[www.geocities.com/fallowbudgies/Fallint1.jpg]
[www.geocities.com/fallowbudgies/thumb302.jpg]
[www.geocities.com/fallowbudgies/thumb613.jpg]
[www.geocities.com/fallowbudgies/thumb617.jpg]
[www.geocities.com/fallowbudgies/Falbint1.jpg]
[www.geocities.com/fallowbudgies/fall615.jpg]
[us.i1.yimg.com/us.yimg.com/i/mc/mc.js]
[us.js2.yimg.com/us.js.yimg.com/lib/smb/js/hosting/cp/js_source/geov2_001.js]
[visit.geocities.yahoo.com/visit82c6.gif]
[www.geocities.com/fallowbudgies/index.html]
[www.geocities.com/fallowbudgies/fall214.jpg]
[visit.geocities.yahoo.com/visitee95.gif]
[www.geocities.com/fallowbudgies/news1.htm]
[visit.geocities.yahoo.com/visit9f0e.gif]
[www.geocities.com/fallowbudgies/news1g.htm]
[us.i1.yimg.com/us.yimg.com/i/mc/mc.js]
[visit.geocities.com/visitd41d.gif]
[us.js2.yimg.com/us.js.yimg.com/lib/smb/js/hosting/cp/js_source/geov2_001.js]
[visit.geocities.yahoo.com/visit1fcb.gif]
[www.geocities.com/fallowbudgies/index.htm]
[visit.geocities.yahoo.com/visit294e.gif]
[www.geocities.com/fallowbudgies/library1.htm]
[www.geocities.com/fallowbudgies/hugbook1.jpg]
[www.geocities.com/fallowbudgies/fall501.jpg]
[www.geocities.com/fallowbudgies/top.gif]
[www.geocities.com/fallowbudgies/fall809.jpg]
[www.geocities.com/fallowbudgies/falbkatz.jpg]
[www.geocities.com/fallowbudgies/fall612.jpg]
[www.geocities.com/fallowbudgies/fall616.jpg]
[www.geocities.com/fallowbudgies/egnorens.gif]
[www.geocities.com/fallowbudgies/sizedist.JPG]
[www.geocities.com/fallowbudgies/sizesplit.jpg]
[www.geocities.com/fallowbudgies/fallowsize001.jpg]
[www.geocities.com/fallowbudgies/fourthgen.jpg]
[www.geocities.com/fallowbudgies/fallowfit001.jpg]
[www.geocities.com/fallowbudgies/askthexpert.jpg]
[www.geocities.com/fallowbudgies/hugbookp1.htm]
[visit.geocities.yahoo.com/visit1167.gif]
[www.geocities.com/fallowbudgies/gallery0.htm]
[www.geocities.com/fallowbudgies/fall709.jpg]
[www.geocities.com/fallowbudgies/thumb709.jpg]
[www.geocities.com/fallowbudgies/fall202.jpg]
[www.geocities.com/fallowbudgies/thumb202.jpg]
[www.geocities.com/fallowbudgies/fall203.jpg]
[www.geocities.com/fallowbudgies/thumb203.jpg]
[www.geocities.com/fallowbudgies/thumb615.jpg]
[www.geocities.com/fallowbudgies/fall303.jpg]
[www.geocities.com/fallowbudgies/thumb303.jpg]
[www.geocities.com/fallowbudgies/fall617.jpg]
[www.geocities.com/fallowbudgies/thumb612.jpg]
[www.geocities.com/fallowbudgies/fall208.jpg]
[www.geocities.com/fallowbudgies/thumb208.jpg]
[www.geocities.com/fallowbudgies/fall212.jpg]
[www.geocities.com/fallowbudgies/thumb212.jpg]
[www.geocities.com/fallowbudgies/fall211.jpg]
[www.geocities.com/fallowbudgies/thumb211.jpg]
[www.geocities.com/fallowbudgies/fall307.jpg]
[www.geocities.com/fallowbudgies/thumb307.jpg]
[www.geocities.com/fallowbudgies/thumb210.jpg]
[www.geocities.com/fallowbudgies/fall302.jpg]
[www.geocities.com/fallowbudgies/fall409.jpg]
[www.geocities.com/fallowbudgies/thumb409.jpg]
[www.geocities.com/fallowbudgies/fall308.jpg]
[www.geocities.com/fallowbudgies/thumb308.jpg]
[www.geocities.com/fallowbudgies/fall603.jpg]
[www.geocities.com/fallowbudgies/thumb603.jpg]
[www.geocities.com/fallowbudgies/thumb616.jpg]
[www.geocities.com/fallowbudgies/fall209.jpg]
[www.geocities.com/fallowbudgies/thumb209.jpg]
[www.geocities.com/fallowbudgies/fall407.jpg]
[www.geocities.com/fallowbudgies/thumb407.jpg]
[www.geocities.com/fallowbudgies/thumb501.jpg]
[www.geocities.com/fallowbudgies/fall618.jpg]
[www.geocities.com/fallowbudgies/thumb618.jpg]
[www.geocities.com/fallowbudgies/fall403.jpg]
[www.geocities.com/fallowbudgies/thumb403.jpg]
[www.geocities.com/fallowbudgies/fall404.jpg]
[www.geocities.com/fallowbudgies/thumb404.jpg]
[www.geocities.com/fallowbudgies/fall405.jpg]
[www.geocities.com/fallowbudgies/thumb405.jpg]
[www.geocities.com/fallowbudgies/fall401.jpg]
[www.geocities.com/fallowbudgies/thumb401.jpg]
[www.geocities.com/fallowbudgies/fall714.jpg]
[www.geocities.com/fallowbudgies/thumb714.jpg]
[www.geocities.com/fallowbudgies/fall801.jpg]
[www.geocities.com/fallowbudgies/thumb801.jpg]
[www.geocities.com/fallowbudgies/fall707.jpg]
[www.geocities.com/fallowbudgies/thumb707.jpg]
[www.geocities.com/fallowbudgies/fall301.jpg]
[www.geocities.com/fallowbudgies/thumb301.jpg]
[www.geocities.com/fallowbudgies/fall502.jpg]
[www.geocities.com/fallowbudgies/thumb502.jpg]
[www.geocities.com/fallowbudgies/fall503.jpg]
[www.geocities.com/fallowbudgies/thumb503.jpg]
[www.geocities.com/fallowbudgies/fall504.jpg]
[www.geocities.com/fallowbudgies/thumb504.jpg]
[www.geocities.com/fallowbudgies/fall505.jpg]
[www.geocities.com/fallowbudgies/thumb505.jpg]
[www.geocities.com/fallowbudgies/fall506.jpg]
[www.geocities.com/fallowbudgies/thumb506.jpg]
[www.geocities.com/fallowbudgies/fall205.jpg]
[www.geocities.com/fallowbudgies/thumb205.jpg]
[www.geocities.com/fallowbudgies/fall410.jpg]
[www.geocities.com/fallowbudgies/thumb410.jpg]
[www.geocities.com/fallowbudgies/fall813.jpg]
[www.geocities.com/fallowbudgies/thumb813.jpg]
[www.geocities.com/fallowbudgies/fall613.jpg]
[www.geocities.com/fallowbudgies/fall601.jpg]
[www.geocities.com/fallowbudgies/thumb601.jpg]
[www.geocities.com/fallowbudgies/fall710.jpg]
[www.geocities.com/fallowbudgies/thumb710.jpg]
[www.geocities.com/fallowbudgies/fall402.jpg]
[www.geocities.com/fallowbudgies/thumb402.jpg]
[www.geocities.com/fallowbudgies/fall311.jpg]
[www.geocities.com/fallowbudgies/thumb311.jpg]
[www.geocities.com/fallowbudgies/fall508.jpg]
[www.geocities.com/fallowbudgies/thumb508.jpg]
[www.geocities.com/fallowbudgies/fall611.jpg]
[www.geocities.com/fallowbudgies/thumb611.jpg]
[www.geocities.com/fallowbudgies/fall703.jpg]
[www.geocities.com/fallowbudgies/thumb703.jpg]
[www.geocities.com/fallowbudgies/fall310.jpg]
[visit.geocities.yahoo.com/visit4f59.gif]
[www.geocities.com/fallowbudgies/poster01.htm]
[visit.geocities.yahoo.com/visita83c.gif]
[www.geocities.com/fallowbudgies/libraryg1.htm]
[www.geocities.com/fallowbudgies/hugbookd1.htm]
[visit.geocities.yahoo.com/visit8282.gif]
[www.geocities.com/fallowbudgies/galleryg0.htm]
[visit.geocities.yahoo.com/visit48ff.gif]
[www.geocities.com/fallowbudgies/gallery1.htm]
[www.geocities.com/fallowbudgies/Falber.html]
[www.geocities.com/fallowbudgies/Falldeer.html]
[visit.geocities.yahoo.com/visit26f8.gif]
[www.geocities.com/fallowbudgies/gallery2.htm]
[visit.geocities.yahoo.com/visite4c1.gif]
[www.geocities.com/fallowbudgies/gallery3.htm]
[www.geocities.com/fallowbudgies/gallery4.htm]
[visit.geocities.yahoo.com/visit0c32.gif]
[www.geocities.com/fallowbudgies/gallery5.htm]
[visit.geocities.yahoo.com/visitf7a7.gif]
[www.geocities.com/fallowbudgies/gallery6.htm]
[www.geocities.com/fallowbudgies/gallery7.htm]
[visit.geocities.yahoo.com/visitfe27.gif]
[www.geocities.com/fallowbudgies/gallery8.htm]
[www.geocities.com/fallowbudgies/gallery9.htm]
[www.geocities.com/fallowbudgies/thumb310.html]
[www.geocities.com/fallowbudgies/fall312.html]
[www.geocities.com/fallowbudgies/thumb312.html]
[www.geocities.com/fallowbudgies/fall513.html]
[www.geocities.com/fallowbudgies/thumb513.html]
[www.geocities.com/fallowbudgies/fall206.html]
[www.geocities.com/fallowbudgies/thumb206.html]
[www.geocities.com/fallowbudgies/fall713.html]
[www.geocities.com/fallowbudgies/thumb713.html]
[www.geocities.com/fallowbudgies/fall304.html]
[www.geocities.com/fallowbudgies/thumb304.html]
[www.geocities.com/fallowbudgies/fall715.html]
[www.geocities.com/fallowbudgies/thumb715.html]
[www.geocities.com/fallowbudgies/fall306.html]
[www.geocities.com/fallowbudgies/thumb306.html]
[www.geocities.com/fallowbudgies/fall201.html]
[www.geocities.com/fallowbudgies/thumb201.html]
[www.geocities.com/fallowbudgies/thumb214.html]
[www.geocities.com/fallowbudgies/fall305.html]
[www.geocities.com/fallowbudgies/thumb305.html]
[www.geocities.com/fallowbudgies/fall607.html]
[www.geocities.com/fallowbudgies/thumb607.html]
[www.geocities.com/fallowbudgies/fall802.html]
[www.geocities.com/fallowbudgies/thumb802.html]
[www.geocities.com/fallowbudgies/fall213.html]
[www.geocities.com/fallowbudgies/thumb213.html]
[www.geocities.com/fallowbudgies/fall406.html]
[www.geocities.com/fallowbudgies/thumb406.html]
[www.geocities.com/fallowbudgies/fall309.html]
[www.geocities.com/fallowbudgies/thumb309.html]
[www.geocities.com/fallowbudgies/fall701.html]
[www.geocities.com/fallowbudgies/thumb701.html]
[www.geocities.com/fallowbudgies/thumb809.html]
[www.geocities.com/fallowbudgies/fall510.html]
[www.geocities.com/fallowbudgies/thumb510.html]
[www.geocities.com/fallowbudgies/fall810.html]
[www.geocities.com/fallowbudgies/thumb810.html]
[www.geocities.com/fallowbudgies/fall511.html]
[www.geocities.com/fallowbudgies/thumb511.html]
[www.geocities.com/fallowbudgies/fall215.html]
[www.geocities.com/fallowbudgies/thumb215.html]
[www.geocities.com/fallowbudgies/fall512.html]
[www.geocities.com/fallowbudgies/thumb512.html]
[www.geocities.com/fallowbudgies/fall216.html]
[www.geocities.com/fallowbudgies/thumb216.html]
[www.geocities.com/fallowbudgies/fall200.html]
[www.geocities.com/fallowbudgies/thumb200.html]
[www.geocities.com/fallowbudgies/fall908.html]
[www.geocities.com/fallowbudgies/thumb908.html]
[www.geocities.com/fallowbudgies/fall716.html]
[www.geocities.com/fallowbudgies/thumb716.html]
[www.geocities.com/fallowbudgies/fall408.html]
[www.geocities.com/fallowbudgies/thumb408.html]
[www.geocities.com/fallowbudgies/fall207.html]
[www.geocities.com/fallowbudgies/thumb207.html]
[www.geocities.com/fallowbudgies/fall204.html]
[www.geocities.com/fallowbudgies/thumb204.html]
[www.geocities.com/fallowbudgies/fall507.html]
[www.geocities.com/fallowbudgies/thumb507.html]
[www.geocities.com/fallowbudgies/fall816.html]
[www.geocities.com/fallowbudgies/thumb816.html]
[www.geocities.com/fallowbudgies/fahorse.html]
[www.geocities.com/fallowbudgies/thumbfahorse.html]
[www.geocities.com/fallowbudgies/huepack01.html]
[www.geocities.com/fallowbudgies/thumbhuepack01.html]
[www.geocities.com/fallowbudgies/galleryg1.htm]
[www.geocities.com/fallowbudgies/bergman.htm]
[www.geocities.com/fallowbudgies/galleryg2.htm]
[www.geocities.com/fallowbudgies/galleryg3.htm]
[www.geocities.com/fallowbudgies/galleryg4.htm]
[www.geocities.com/fallowbudgies/galleryg5.htm]
[www.geocities.com/fallowbudgies/galleryg6.htm]
[www.geocities.com/fallowbudgies/galleryg7.htm]
[www.geocities.com/fallowbudgies/galleryg8.htm]
[www.geocities.com/fallowbudgies/galleryg9.htm]
[www.geocities.com/fallowbudgies/fall110.html]
[www.geocities.com/fallowbudgies/thumb110.html]
[www.geocities.com/fallowbudgies/fall111.html]
[www.geocities.com/fallowbudgies/thumb111.html]
[www.geocities.com/fallowbudgies/fall104.html]
[www.geocities.com/fallowbudgies/thumb104.html]
[www.geocities.com/fallowbudgies/fall101.html]
[www.geocities.com/fallowbudgies/thumb101.html]
[www.geocities.com/fallowbudgies/fall112.html]
[www.geocities.com/fallowbudgies/thumb112.html]
[www.geocities.com/fallowbudgies/fall113.html]
[www.geocities.com/fallowbudgies/thumb113.html]
[www.geocities.com/fallowbudgies/fall108.html]
[www.geocities.com/fallowbudgies/thumb108.html]
[www.geocities.com/fallowbudgies/fall109.html]
[www.geocities.com/fallowbudgies/thumb109.html]
[www.geocities.com/fallowbudgies/fall412.html]
[www.geocities.com/fallowbudgies/thumb412.html]
[www.geocities.com/fallowbudgies/fall411.html]
[www.geocities.com/fallowbudgies/thumb411.html]
[www.geocities.com/fallowbudgies/fall708.html]
[www.geocities.com/fallowbudgies/thumb708.html]
[www.geocities.com/fallowbudgies/fall702.html]
[www.geocities.com/fallowbudgies/thumb702.html]
[www.geocities.com/fallowbudgies/fall210.jpg]
